Category: 📺央视频道, Name: CCTV-2, Total: 1, Valid: 1, Valid Percent: 100.00%, Whitelist: 0, IPv4: 1, IPv6: 0, Min Delay: 546 ms, Max Speed: 2.26 M/s, Avg Speed: 2.26 M/s, Max Resolution: None
Category: 📺央视频道, Name: CCTV-5, Total: 1, Valid: 1, Valid Percent: 100.00%, Whitelist: 0, IPv4: 1, IPv6: 0, Min Delay: 720 ms, Max Speed: 6.37 M/s, Avg Speed: 6.37 M/s, Max Resolution: None
Category: 📺央视频道, Name: CCTV-4, Total: 7, Valid: 3, Valid Percent: 42.86%, Whitelist: 0, IPv4: 7, IPv6: 0, Min Delay: 665 ms, Max Speed: 5.71 M/s, Avg Speed: 3.20 M/s, Max Resolution: None
Category: 📺央视频道, Name: CCTV-16, Total: 2, Valid: 2, Valid Percent: 100.00%, Whitelist: 0, IPv4: 2, IPv6: 0, Min Delay: 676 ms, Max Speed: 5.79 M/s, Avg Speed: 5.25 M/s, Max Resolution: None
Category: 📺央视频道, Name: CETV-3, Total: 1, Valid: 1, Valid Percent: 100.00%, Whitelist: 0, IPv4: 1, IPv6: 0, Min Delay: 678 ms, Max Speed: 4.08 M/s, Avg Speed: 4.08 M/s, Max Resolution: None
Category: 📺央视频道, Name: CCTV-9, Total: 127, Valid: 127, Valid Percent: 100.00%, Whitelist: 0, IPv4: 127, IPv6: 0, Min Delay: 819 ms, Max Speed: 0.22 M/s, Avg Speed: 0.19 M/s, Max Resolution: None
Category: 📡卫视频道, Name: 广东卫视, Total: 1, Valid: 1, Valid Percent: 100.00%, Whitelist: 0, IPv4: 1, IPv6: 0, Min Delay: 691 ms, Max Speed: 6.54 M/s, Avg Speed: 6.54 M/s, Max Resolution: 1920x1080
Category: 📡卫视频道, Name: 贵州卫视, Total: 1, Valid: 1, Valid Percent: 100.00%, Whitelist: 0, IPv4: 1, IPv6: 0, Min Delay: 676 ms, Max Speed: 5.96 M/s, Avg Speed: 5.96 M/s, Max Resolution: None
Category: 📡卫视频道, Name: 江苏卫视, Total: 1, Valid: 1, Valid Percent: 100.00%, Whitelist: 0, IPv4: 1, IPv6: 0, Min Delay: 744 ms, Max Speed: 5.67 M/s, Avg Speed: 5.67 M/s, Max Resolution: None
Category: 📡卫视频道, Name: 北京卫视, Total: 1, Valid: 1, Valid Percent: 100.00%, Whitelist: 0, IPv4: 1, IPv6: 0, Min Delay: 125 ms, Max Speed: 0.75 M/s, Avg Speed: 0.75 M/s, Max Resolution: None
Category: 📺央视频道, Name: CCTV-10, Total: 2, Valid: 2, Valid Percent: 100.00%, Whitelist: 0, IPv4: 2, IPv6: 0, Min Delay: 750 ms, Max Speed: 0.56 M/s, Avg Speed: 0.33 M/s, Max Resolution: None
Category: 📡卫视频道, Name: 辽宁卫视, Total: 1, Valid: 1, Valid Percent: 100.00%, Whitelist: 0, IPv4: 1, IPv6: 0, Min Delay: 728 ms, Max Speed: 5.71 M/s, Avg Speed: 5.71 M/s, Max Resolution: None
Category: 📡卫视频道, Name: 河南卫视, Total: 1, Valid: 1, Valid Percent: 100.00%, Whitelist: 0, IPv4: 1, IPv6: 0, Min Delay: 497 ms, Max Speed: 1.59 M/s, Avg Speed: 1.59 M/s, Max Resolution: None
Category: 📡卫视频道, Name: 江西卫视, Total: 1, Valid: 0, Valid Percent: 0.00%, Whitelist: 0, IPv4: 1, IPv6: 0, Min Delay: -1 ms, Max Speed: 0.00 M/s, Avg Speed: 0.00 M/s, Max Resolution: None
Category: 📡卫视频道, Name: 四川卫视, Total: 1, Valid: 1, Valid Percent: 100.00%, Whitelist: 0, IPv4: 1, IPv6: 0, Min Delay: 736 ms, Max Speed: 6.45 M/s, Avg Speed: 6.45 M/s, Max Resolution: None
Category: 📡卫视频道, Name: 深圳卫视, Total: 1, Valid: 1, Valid Percent: 100.00%, Whitelist: 0, IPv4: 1, IPv6: 0, Min Delay: 694 ms, Max Speed: 6.59 M/s, Avg Speed: 6.59 M/s, Max Resolution: None
Category: 📡卫视频道, Name: 青海卫视, Total: 1, Valid: 1, Valid Percent: 100.00%, Whitelist: 0, IPv4: 1, IPv6: 0, Min Delay: 844 ms, Max Speed: 5.92 M/s, Avg Speed: 5.92 M/s, Max Resolution: None
Category: ☘️广东频道, Name: 广东新闻, Total: 1, Valid: 1, Valid Percent: 100.00%, Whitelist: 0, IPv4: 1, IPv6: 0, Min Delay: 391 ms, Max Speed: 1.04 M/s, Avg Speed: 1.04 M/s, Max Resolution: None
Category: ☘️广东频道, Name: 广东珠江, Total: 1, Valid: 1, Valid Percent: 100.00%, Whitelist: 0, IPv4: 1, IPv6: 0, Min Delay: 655 ms, Max Speed: 4.98 M/s, Avg Speed: 4.98 M/s, Max Resolution: None
Category: ☘️广东频道, Name: 广东民生, Total: 1, Valid: 1, Valid Percent: 100.00%, Whitelist: 0, IPv4: 1, IPv6: 0, Min Delay: 495 ms, Max Speed: 1.67 M/s, Avg Speed: 1.67 M/s, Max Resolution: None
Category: 📡卫视频道, Name: 天津卫视, Total: 1, Valid: 1, Valid Percent: 100.00%, Whitelist: 0, IPv4: 1, IPv6: 0, Min Delay: 773 ms, Max Speed: 6.21 M/s, Avg Speed: 6.21 M/s, Max Resolution: None
Category: ☘️广东频道, Name: 广东体育, Total: 1, Valid: 1, Valid Percent: 100.00%, Whitelist: 0, IPv4: 1, IPv6: 0, Min Delay: 521 ms, Max Speed: 1.54 M/s, Avg Speed: 1.54 M/s, Max Resolution: None
Category: 📡卫视频道, Name: 内蒙古卫视, Total: 1, Valid: 1, Valid Percent: 100.00%, Whitelist: 0, IPv4: 1, IPv6: 0, Min Delay: 2172 ms, Max Speed: 1.14 M/s, Avg Speed: 1.14 M/s, Max Resolution: None
Category: ☘️广东频道, Name: 大湾区卫视, Total: 1, Valid: 1, Valid Percent: 100.00%, Whitelist: 0, IPv4: 1, IPv6: 0, Min Delay: 498 ms, Max Speed: 1.58 M/s, Avg Speed: 1.58 M/s, Max Resolution: None
Category: 📡卫视频道, Name: 三沙卫视, Total: 3, Valid: 3, Valid Percent: 100.00%, Whitelist: 0, IPv4: 3, IPv6: 0, Min Delay: 683 ms, Max Speed: 4.63 M/s, Avg Speed: 2.16 M/s, Max Resolution: None
Category: ☘️广东频道, Name: 广州综合, Total: 4, Valid: 4, Valid Percent: 100.00%, Whitelist: 0, IPv4: 4, IPv6: 0, Min Delay: 1109 ms, Max Speed: 0.34 M/s, Avg Speed: 0.32 M/s, Max Resolution: None
Category: 📡卫视频道, Name: 香港卫视, Total: 9, Valid: 2, Valid Percent: 22.22%, Whitelist: 0, IPv4: 9, IPv6: 0, Min Delay: 10689 ms, Max Speed: 0.32 M/s, Avg Speed: 0.30 M/s, Max Resolution: None
Category: ☘️广东频道, Name: 广州竞赛, Total: 2, Valid: 1, Valid Percent: 50.00%, Whitelist: 0, IPv4: 2, IPv6: 0, Min Delay: 10816 ms, Max Speed: 0.04 M/s, Avg Speed: 0.04 M/s, Max Resolution: 1280x720
Category: ☘️广东频道, Name: 广州影视, Total: 2, Valid: 0, Valid Percent: 0.00%, Whitelist: 0, IPv4: 2, IPv6: 0, Min Delay: -1 ms, Max Speed: 0.00 M/s, Avg Speed: 0.00 M/s, Max Resolution: None
